> @lambda
> @lambda
> @lambda
> 
1 1
> 
2 2
> 
11 11
> 
3 3
> 
12 12
> 
4 4
> 
5 5
> 