> @lambda
> @lambda
> @lambda
> @lambda
> @lambda
> @lambda
> 1
> 2
> 101
> 10001
> 3
> 102
> 10002
> 4
> 10003
> 3
> 10002
> 2
> 101
> 10001
> 1
> 201
> 20001
> 19901
> 5
> 500
> 50000
> 6
> 501
> 50001
> 502
> 7
> 50002
> 503
> 504
> 50003
> 